V3 98
FL /home/peraxor/MEGAsync/27-7/VHDL/belief_propagation/adderNbit.vhd 2016/11/04.00:31:37 P.40xd
EN work/adderNbit 1478707998 \
      FL /home/peraxor/MEGAsync/27-7/VHDL/belief_propagation/adderNbit.vhd \
      PB ieee/std_logic_1164 1350103243 PB ieee/NUMERIC_STD 1350103249 \
      PB work/my_types_pkg 1478707993
AR work/adderNbit/Behavioral 1478707999 \
      FL /home/peraxor/MEGAsync/27-7/VHDL/belief_propagation/adderNbit.vhd \
      EN work/adderNbit 1478707998
FL /home/peraxor/MEGAsync/27-7/VHDL/belief_propagation/Add_lambda.vhd 2016/11/09.15:46:01 P.40xd
EN work/Add_lambda 1478708016 \
      FL /home/peraxor/MEGAsync/27-7/VHDL/belief_propagation/Add_lambda.vhd \
      PB ieee/std_logic_1164 1350103243 PB ieee/NUMERIC_STD 1350103249 \
      PB work/my_types_pkg 1478707993
AR work/Add_lambda/Behavioral 1478708017 \
      FL /home/peraxor/MEGAsync/27-7/VHDL/belief_propagation/Add_lambda.vhd \
      EN work/Add_lambda 1478708016 CP registerN
FL /home/peraxor/MEGAsync/27-7/VHDL/belief_propagation/BitNodeUpdate.vhd 2016/11/09.16:51:31 P.40xd
EN work/BitNodeUpdate 1478708024 \
      FL /home/peraxor/MEGAsync/27-7/VHDL/belief_propagation/BitNodeUpdate.vhd \
      PB ieee/std_logic_1164 1350103243 PB ieee/NUMERIC_STD 1350103249 \
      PB work/my_types_pkg 1478707993
AR work/BitNodeUpdate/Behavioral 1478708025 \
      FL /home/peraxor/MEGAsync/27-7/VHDL/belief_propagation/BitNodeUpdate.vhd \
      EN work/BitNodeUpdate 1478708024 CP adderNbit CP registerN
FL /home/peraxor/MEGAsync/27-7/VHDL/belief_propagation/c2b_RAm_write.vhd 2016/11/09.16:43:45 P.40xd
EN work/c2b_RAm_prep 1478708028 \
      FL /home/peraxor/MEGAsync/27-7/VHDL/belief_propagation/c2b_RAm_write.vhd \
      PB ieee/std_logic_1164 1350103243 PB ieee/NUMERIC_STD 1350103249 \
      PB ieee/STD_LOGIC_UNSIGNED 1350103247 PB work/my_types_pkg 1478707993
AR work/c2b_RAm_prep/Behavioral 1478708029 \
      FL /home/peraxor/MEGAsync/27-7/VHDL/belief_propagation/c2b_RAm_write.vhd \
      EN work/c2b_RAm_prep 1478708028
FL /home/peraxor/MEGAsync/27-7/VHDL/belief_propagation/Check2BitRAM.vhd 2016/11/09.15:16:02 P.40xd
EN work/Check2BitRAM 1478708010 \
      FL /home/peraxor/MEGAsync/27-7/VHDL/belief_propagation/Check2BitRAM.vhd \
      PB ieee/std_logic_1164 1350103243 PB ieee/STD_LOGIC_UNSIGNED 1350103247 \
      PB work/my_types_pkg 1478707993
AR work/Check2BitRAM/syn 1478708011 \
      FL /home/peraxor/MEGAsync/27-7/VHDL/belief_propagation/Check2BitRAM.vhd \
      EN work/Check2BitRAM 1478708010
FL /home/peraxor/MEGAsync/27-7/VHDL/belief_propagation/check_node_process.vhd 2016/11/09.16:31:43 P.40xd
EN work/check_node_process 1478708022 \
      FL /home/peraxor/MEGAsync/27-7/VHDL/belief_propagation/check_node_process.vhd \
      PB ieee/std_logic_1164 1350103243 PB ieee/NUMERIC_STD 1350103249 \
      PB work/my_types_pkg 1478707993
AR work/check_node_process/Behavioral 1478708023 \
      FL /home/peraxor/MEGAsync/27-7/VHDL/belief_propagation/check_node_process.vhd \
      EN work/check_node_process 1478708022 CP registerN
FL /home/peraxor/MEGAsync/27-7/VHDL/belief_propagation/comparator_min_only.vhd 2016/10/28.01:44:02 P.40xd
EN work/comparator_min_only 1478708002 \
      FL /home/peraxor/MEGAsync/27-7/VHDL/belief_propagation/comparator_min_only.vhd \
      PB ieee/std_logic_1164 1350103243 PB ieee/NUMERIC_STD 1350103249 \
      PB work/my_types_pkg 1478707993
AR work/comparator_min_only/comp 1478708003 \
      FL /home/peraxor/MEGAsync/27-7/VHDL/belief_propagation/comparator_min_only.vhd \
      EN work/comparator_min_only 1478708002
FL /home/peraxor/MEGAsync/27-7/VHDL/belief_propagation/FSM.vhd 2016/11/06.03:59:14 P.40xd
EN work/FSM 1478708036 \
      FL /home/peraxor/MEGAsync/27-7/VHDL/belief_propagation/FSM.vhd \
      PB ieee/std_logic_1164 1350103243 PB ieee/NUMERIC_STD 1350103249 \
      PB work/my_types_pkg 1478707993
AR work/FSM/Behavioral 1478708037 \
      FL /home/peraxor/MEGAsync/27-7/VHDL/belief_propagation/FSM.vhd EN work/FSM 1478708036
FL /home/peraxor/MEGAsync/27-7/VHDL/belief_propagation/lambdas_final.vhd 2016/11/09.17:10:56 P.40xd
EN work/lambdas_final 1478708030 \
      FL /home/peraxor/MEGAsync/27-7/VHDL/belief_propagation/lambdas_final.vhd \
      PB ieee/std_logic_1164 1350103243 PB ieee/NUMERIC_STD 1350103249 \
      PB work/my_types_pkg 1478707993
AR work/lambdas_final/Behavioral 1478708031 \
      FL /home/peraxor/MEGAsync/27-7/VHDL/belief_propagation/lambdas_final.vhd \
      EN work/lambdas_final 1478708030 CP lambda_final1
FL /home/peraxor/MEGAsync/27-7/VHDL/belief_propagation/lambda_final.vhd 2016/11/09.17:08:54 P.40xd
EN work/lambda_final1 1478707996 \
      FL /home/peraxor/MEGAsync/27-7/VHDL/belief_propagation/lambda_final.vhd \
      PB ieee/std_logic_1164 1350103243 PB ieee/NUMERIC_STD 1350103249 \
      PB work/my_types_pkg 1478707993
AR work/lambda_final1/Behavioral 1478707997 \
      FL /home/peraxor/MEGAsync/27-7/VHDL/belief_propagation/lambda_final.vhd \
      EN work/lambda_final1 1478707996 CP registerN
FL /home/peraxor/MEGAsync/27-7/VHDL/belief_propagation/minimum_7comp.vhd 2016/11/09.16:34:08 P.40xd
EN work/minimum_7comp 1478708018 \
      FL /home/peraxor/MEGAsync/27-7/VHDL/belief_propagation/minimum_7comp.vhd \
      PB ieee/std_logic_1164 1350103243 PB ieee/NUMERIC_STD 1350103249 \
      PB work/my_types_pkg 1478707993
AR work/minimum_7comp/Behavioral 1478708019 \
      FL /home/peraxor/MEGAsync/27-7/VHDL/belief_propagation/minimum_7comp.vhd \
      EN work/minimum_7comp 1478708018 CP comparator_min_only CP comparator \
      CP registerN CP register3bit
FL /home/peraxor/MEGAsync/27-7/VHDL/belief_propagation/my_types_pkg.vhd 2016/10/17.01:50:44 P.40xd
PH work/my_types_pkg 1478707992 \
      FL /home/peraxor/MEGAsync/27-7/VHDL/belief_propagation/my_types_pkg.vhd \
      PB ieee/std_logic_1164 1350103243
PB work/my_types_pkg 1478707993 \
      FL /home/peraxor/MEGAsync/27-7/VHDL/belief_propagation/my_types_pkg.vhd \
      PH work/my_types_pkg 1478707992
FL /home/peraxor/MEGAsync/27-7/VHDL/belief_propagation/register1bit.vhd 2016/11/05.21:45:27 P.40xd
EN work/register1bit 1478708000 \
      FL /home/peraxor/MEGAsync/27-7/VHDL/belief_propagation/register1bit.vhd \
      PB ieee/std_logic_1164 1350103243 PB ieee/NUMERIC_STD 1350103249 \
      PB work/my_types_pkg 1478707993
AR work/register1bit/Behavioral 1478708001 \
      FL /home/peraxor/MEGAsync/27-7/VHDL/belief_propagation/register1bit.vhd \
      EN work/register1bit 1478708000
FL /home/peraxor/MEGAsync/27-7/VHDL/belief_propagation/register3bit.vhd 2016/10/28.01:44:02 P.40xd
EN work/register3bit 1478708006 \
      FL /home/peraxor/MEGAsync/27-7/VHDL/belief_propagation/register3bit.vhd \
      PB ieee/std_logic_1164 1350103243 PB ieee/NUMERIC_STD 1350103249 \
      PB work/my_types_pkg 1478707993
AR work/register3bit/Behavioral 1478708007 \
      FL /home/peraxor/MEGAsync/27-7/VHDL/belief_propagation/register3bit.vhd \
      EN work/register3bit 1478708006
FL /home/peraxor/MEGAsync/27-7/VHDL/belief_propagation/row_counter.vhd 2016/10/24.14:25:03 P.40xd
EN work/row_counter 1478708008 \
      FL /home/peraxor/MEGAsync/27-7/VHDL/belief_propagation/row_counter.vhd \
      PB ieee/std_logic_1164 1350103243 PB ieee/NUMERIC_STD 1350103249 \
      PB ieee/STD_LOGIC_UNSIGNED 1350103247
AR work/row_counter/archi 1478708009 \
      FL /home/peraxor/MEGAsync/27-7/VHDL/belief_propagation/row_counter.vhd \
      EN work/row_counter 1478708008
FL /home/peraxor/MEGAsync/27-7/VHDL/belief_propagation/row_processor.vhd 2016/11/09.15:40:45 P.40xd
EN work/row_processor 1478708014 \
      FL /home/peraxor/MEGAsync/27-7/VHDL/belief_propagation/row_processor.vhd \
      PB ieee/std_logic_1164 1350103243 PB ieee/NUMERIC_STD 1350103249 \
      PB work/my_types_pkg 1478707993
AR work/row_processor/row_proc 1478708015 \
      FL /home/peraxor/MEGAsync/27-7/VHDL/belief_propagation/row_processor.vhd \
      EN work/row_processor 1478708014 CP registerN
FL /home/peraxor/MEGAsync/27-7/VHDL/belief_propagation/shiftregister_PISO.vhd 2016/11/03.23:56:09 P.40xd
EN work/shift_register_piso 1478708032 \
      FL /home/peraxor/MEGAsync/27-7/VHDL/belief_propagation/shiftregister_PISO.vhd \
      PB ieee/std_logic_1164 1350103243 PB work/my_types_pkg 1478707993
AR work/shift_register_piso/archi 1478708033 \
      FL /home/peraxor/MEGAsync/27-7/VHDL/belief_propagation/shiftregister_PISO.vhd \
      EN work/shift_register_piso 1478708032 CP registerN
FL /home/peraxor/MEGAsync/27-7/VHDL/belief_propagation/shiftregister_SIPO.vhd 2016/11/09.15:14:36 P.40xd
EN work/shift_registers_sipo 1478708012 \
      FL /home/peraxor/MEGAsync/27-7/VHDL/belief_propagation/shiftregister_SIPO.vhd \
      PB ieee/std_logic_1164 1350103243 PB ieee/NUMERIC_STD 1350103249 \
      PB work/my_types_pkg 1478707993
AR work/shift_registers_sipo/archi 1478708013 \
      FL /home/peraxor/MEGAsync/27-7/VHDL/belief_propagation/shiftregister_SIPO.vhd \
      EN work/shift_registers_sipo 1478708012
FL /home/peraxor/MEGAsync/27-7/VHDL/belief_propagation/sign_all.vhd 2016/11/09.16:32:05 P.40xd
EN work/sign_all 1478708020 \
      FL /home/peraxor/MEGAsync/27-7/VHDL/belief_propagation/sign_all.vhd \
      PB ieee/std_logic_1164 1350103243 PB ieee/NUMERIC_STD 1350103249 \
      PB work/my_types_pkg 1478707993
AR work/sign_all/Behavioral 1478708021 \
      FL /home/peraxor/MEGAsync/27-7/VHDL/belief_propagation/sign_all.vhd \
      EN work/sign_all 1478708020 CP register1bit
FL /home/peraxor/MEGAsync/27-7/VHDL/BPmin/newtry/bitproc_outputs.vhd 2016/11/09.16:43:45 P.40xd
EN work/bitproc_outputs 1478708026 \
      FL /home/peraxor/MEGAsync/27-7/VHDL/BPmin/newtry/bitproc_outputs.vhd \
      PB ieee/std_logic_1164 1350103243 PB work/my_types_pkg 1478707993
AR work/bitproc_outputs/Behavioral 1478708027 \
      FL /home/peraxor/MEGAsync/27-7/VHDL/BPmin/newtry/bitproc_outputs.vhd \
      EN work/bitproc_outputs 1478708026
FL /home/peraxor/MEGAsync/27-7/VHDL/BPmin/newtry/comparator.vhd 2016/10/27.12:47:07 P.40xd
EN work/Comparator 1478708004 \
      FL /home/peraxor/MEGAsync/27-7/VHDL/BPmin/newtry/comparator.vhd \
      PB ieee/std_logic_1164 1350103243 PB ieee/NUMERIC_STD 1350103249 \
      PB work/my_types_pkg 1478707993
AR work/comparator/comp 1478708005 \
      FL /home/peraxor/MEGAsync/27-7/VHDL/BPmin/newtry/comparator.vhd \
      EN work/Comparator 1478708004
FL /home/peraxor/MEGAsync/27-7/VHDL/BPmin/newtry/decoder.vhd 2016/11/09.17:58:20 P.40xd
EN work/decoder 1478708038 \
      FL /home/peraxor/MEGAsync/27-7/VHDL/BPmin/newtry/decoder.vhd \
      PB ieee/std_logic_1164 1350103243 PB ieee/NUMERIC_STD 1350103249 \
      PB work/my_types_pkg 1478707993
AR work/decoder/Behavioral 1478708039 \
      FL /home/peraxor/MEGAsync/27-7/VHDL/BPmin/newtry/decoder.vhd \
      EN work/decoder 1478708038 CP row_counter CP Check2BitRAM \
      CP shift_registers_sipo CP row_processor CP add_lambda CP minimum_7comp \
      CP sign_all CP check_node_process CP BitNodeUpdate CP bitproc_outputs \
      CP c2b_RAm_prep CP lambdas_final CP shift_register_piso CP testout
FL /home/peraxor/MEGAsync/27-7/VHDL/BPmin/newtry/decoder_box.vhd 2016/11/09.17:46:14 P.40xd
EN work/decoder_box 1478708040 \
      FL /home/peraxor/MEGAsync/27-7/VHDL/BPmin/newtry/decoder_box.vhd \
      PB ieee/std_logic_1164 1350103243 PB ieee/NUMERIC_STD 1350103249 \
      PB work/my_types_pkg 1478707993
AR work/decoder_box/Behavioral 1478708041 \
      FL /home/peraxor/MEGAsync/27-7/VHDL/BPmin/newtry/decoder_box.vhd \
      EN work/decoder_box 1478708040 CP FSM CP decoder
FL /home/peraxor/MEGAsync/27-7/VHDL/BPmin/newtry/registerN.vhd 2016/10/27.12:39:01 P.40xd
EN work/registerN 1478707994 \
      FL /home/peraxor/MEGAsync/27-7/VHDL/BPmin/newtry/registerN.vhd \
      PB ieee/std_logic_1164 1350103243 PB ieee/NUMERIC_STD 1350103249 \
      PB work/my_types_pkg 1478707993
AR work/registerN/Behavioral 1478707995 \
      FL /home/peraxor/MEGAsync/27-7/VHDL/BPmin/newtry/registerN.vhd \
      EN work/registerN 1478707994
FL /home/peraxor/MEGAsync/27-7/VHDL/BPmin/newtry/testout.vhd 2016/11/09.16:55:50 P.40xd
EN work/testout 1478708034 \
      FL /home/peraxor/MEGAsync/27-7/VHDL/BPmin/newtry/testout.vhd \
      PB ieee/std_logic_1164 1350103243
AR work/testout/Behavioral 1478708035 \
      FL /home/peraxor/MEGAsync/27-7/VHDL/BPmin/newtry/testout.vhd \
      EN work/testout 1478708034
